2025-07-09 22:02:21 [    INFO] GIVEN: Autenticando al usuario: admin_bdd (test_gestion_clientes_bdd.py:58)
2025-07-09 22:02:21 [    INFO] WHEN: Navegando a la URL: /clientes/crear/ (test_gestion_clientes_bdd.py:86)
2025-07-09 22:02:21 [    INFO] WHEN: Enviando formulario para crear cliente con documento: 12345678 (test_gestion_clientes_bdd.py:93)
2025-07-09 22:02:21 [    INFO] THEN: Verificando creación en DB. Cliente existe: True (test_gestion_clientes_bdd.py:133)
2025-07-09 22:02:21 [    INFO] THEN: Verificando redirección a lista de clientes. Es correcta: True (test_gestion_clientes_bdd.py:139)
2025-07-09 22:02:22 [    INFO] GIVEN: Autenticando al usuario: admin_bdd (test_gestion_clientes_bdd.py:58)
2025-07-09 22:02:22 [    INFO] GIVEN: Creando cliente preexistente con documento: 987654321 (test_gestion_clientes_bdd.py:70)
2025-07-09 22:02:22 [    INFO] WHEN: Navegando a la URL: /clientes/crear/ (test_gestion_clientes_bdd.py:86)
2025-07-09 22:02:22 [    INFO] WHEN: Enviando formulario con documento duplicado: 987654321 (test_gestion_clientes_bdd.py:100)
2025-07-09 22:02:22 [    INFO] THEN: Verificando mensaje de error por duplicado. Encontrado: True (test_gestion_clientes_bdd.py:146)
2025-07-09 22:02:22 [    INFO] THEN: Verificando que el conteo del cliente con documento '987654321' es 1. Conteo actual: 1 (test_gestion_clientes_bdd.py:153)
2025-07-09 22:02:22 [    INFO] GIVEN: Autenticando al usuario: admin_bdd (test_gestion_clientes_bdd.py:58)
2025-07-09 22:02:22 [    INFO] GIVEN: Creando cliente preexistente llamado "Cliente Para Editar" con documento: 11223344 (test_gestion_clientes_bdd.py:75)
2025-07-09 22:02:22 [    INFO] WHEN: Navegando a la página de edición: /clientes/editar/3/ (test_gestion_clientes_bdd.py:107)
2025-07-09 22:02:22 [    INFO] WHEN: Enviando formulario de edición para cliente ID 3 con nuevo nombre: Cliente Editado Correctamente (test_gestion_clientes_bdd.py:114)
2025-07-09 22:02:22 [    INFO] THEN: Verificando nombre actualizado para documento '11223344'. Esperado: 'Cliente Editado Correctamente', Obtenido: 'Cliente Editado Correctamente'. Correcto: True (test_gestion_clientes_bdd.py:160)
2025-07-09 22:02:22 [    INFO] GIVEN: Autenticando al usuario: admin_bdd (test_gestion_clientes_bdd.py:58)
2025-07-09 22:02:22 [    INFO] GIVEN: Creando cliente preexistente llamado "Cliente Visible en Lista" con documento: 99887766 (test_gestion_clientes_bdd.py:75)
2025-07-09 22:02:22 [    INFO] WHEN: Navegando a la lista de clientes: /clientes/ (test_gestion_clientes_bdd.py:120)
2025-07-09 22:02:22 [    INFO] THEN: Verificando si el nombre 'Cliente Visible en Lista' está en la página. Encontrado: True (test_gestion_clientes_bdd.py:166)
2025-07-09 22:02:23 [    INFO] GIVEN: Autenticando al usuario: admin_bdd (test_gestion_clientes_bdd.py:58)
2025-07-09 22:02:23 [    INFO] GIVEN: Creando cliente preexistente con documento: 77775555 (test_gestion_clientes_bdd.py:70)
2025-07-09 22:02:23 [    INFO] GIVEN: Creando alquiler para el cliente con documento: 77775555 (test_gestion_clientes_bdd.py:80)
2025-07-09 22:02:23 [    INFO] WHEN: Intentando eliminar cliente con ID 5 en URL: /clientes/eliminar/5/ (test_gestion_clientes_bdd.py:127)
2025-07-09 22:02:23 [    INFO] THEN: Verificando mensaje de error por borrado protegido. Encontrado: True (test_gestion_clientes_bdd.py:173)
2025-07-09 22:02:23 [    INFO] THEN: Verificando que cliente con documento '77775555' no fue borrado. Existe: True (test_gestion_clientes_bdd.py:179)
